
% TEXT, 90JIS
hRyuminl-h	H	A-OTF-RyuminPr6N-Light.otf
hRyuminl-v	V	A-OTF-RyuminPr6N-Light.otf
hRyuminr-h	H	A-OTF-RyuminPr6N-Regular.otf
hRyuminr-v	V	A-OTF-RyuminPr6N-Regular.otf
hRyuminm-h	H	A-OTF-RyuminPr6N-Medium.otf
hRyuminm-v	V	A-OTF-RyuminPr6N-Medium.otf
hRyuminb-h	H	A-OTF-RyuminPr6N-Bold.otf
hRyuminb-v	V	A-OTF-RyuminPr6N-Bold.otf
hRyumineb-h	H	A-OTF-RyuminPr6N-ExBold.otf
hRyumineb-v	V	A-OTF-RyuminPr6N-ExBold.otf
hRyuminh-h	H	A-OTF-RyuminPr6N-Heavy.otf
hRyuminh-v	V	A-OTF-RyuminPr6N-Heavy.otf
hRyumineh-h	H	A-OTF-RyuminPr6N-ExHeavy.otf
hRyumineh-v	V	A-OTF-RyuminPr6N-ExHeavy.otf
hRyuminu-h	H	A-OTF-RyuminPr6N-Ultra.otf
hRyuminu-v	V	A-OTF-RyuminPr6N-Ultra.otf
hShinGoel-h	H	A-OTF-ShinGoPr6N-ExLight.otf
hShinGoel-v	V	A-OTF-ShinGoPr6N-ExLight.otf
hShinGol-h	H	A-OTF-ShinGoPr6N-Light.otf
hShinGol-v	V	A-OTF-ShinGoPr6N-Light.otf
hShinGor-h	H	A-OTF-ShinGoPr6N-Regular.otf
hShinGor-v	V	A-OTF-ShinGoPr6N-Regular.otf
hShinGom-h	H	A-OTF-ShinGoPr6N-Medium.otf
hShinGom-v	V	A-OTF-ShinGoPr6N-Medium.otf
hShinGodb-h	H	A-OTF-ShinGoPr6N-DeBold.otf
hShinGodb-v	V	A-OTF-ShinGoPr6N-DeBold.otf
hShinGob-h	H	A-OTF-ShinGoPr6N-Bold.otf
hShinGob-v	V	A-OTF-ShinGoPr6N-Bold.otf
hShinGoh-h	H	A-OTF-ShinGoPr6N-Heavy.otf
hShinGoh-v	V	A-OTF-ShinGoPr6N-Heavy.otf
hShinGou-h	H	A-OTF-ShinGoPr6N-Ultra.otf
hShinGou-v	V	A-OTF-ShinGoPr6N-Ultra.otf
hShinMGol-h	H	A-OTF-ShinMGoPr6N-Light.otf
hShinMGol-v	V	A-OTF-ShinMGoPr6N-Light.otf
hShinMGor-h	H	A-OTF-ShinMGoPr6N-Regular.otf
hShinMGor-v	V	A-OTF-ShinMGoPr6N-Regular.otf
hShinMGom-h	H	A-OTF-ShinMGoPr6N-Medium.otf
hShinMGom-v	V	A-OTF-ShinMGoPr6N-Medium.otf
hShinMGodb-h	H	A-OTF-ShinMGoPr6N-DeBold.otf
hShinMGodb-v	V	A-OTF-ShinMGoPr6N-DeBold.otf
hShinMGob-h	H	A-OTF-ShinMGoPr6N-Bold.otf
hShinMGob-v	V	A-OTF-ShinMGoPr6N-Bold.otf
hShinMGoh-h	H	A-OTF-ShinMGoPr6N-Heavy.otf
hShinMGoh-v	V	A-OTF-ShinMGoPr6N-Heavy.otf
hShinMGou-h	H	A-OTF-ShinMGoPr6N-Ultra.otf
hShinMGou-v	V	A-OTF-ShinMGoPr6N-Ultra.otf
hHiraMinw2-h	H	HiraMinProN-W2.otf
hHiraMinw2-v	V	HiraMinProN-W2.otf
hHiraMinw3-h	H	HiraginoSerifPr6N-W3.otf
hHiraMinw3-v	V	HiraginoSerifPr6N-W3.otf
hHiraMinw4-h	H	HiraMinStdN-W4.otf
hHiraMinw4-v	V	HiraMinStdN-W4.otf
hHiraMinw5-h	H	HiraMinStdN-W5.otf
hHiraMinw5-v	V	HiraMinStdN-W5.otf
hHiraMinw6-h	H	HiraginoSerifPr6N-W6.otf
hHiraMinw6-v	V	HiraginoSerifPr6N-W6.otf
hHiraMinw7-h	H	HiraMinStdN-W7.otf
hHiraMinw7-v	V	HiraMinStdN-W7.otf
hHiraMinw8-h	H	HiraMinStdN-W8.otf
hHiraMinw8-v	V	HiraMinStdN-W8.otf
hHiraKakuw0-h	H	HiraKakuStdN-W0.otf
hHiraKakuw0-v	V	HiraKakuStdN-W0.otf
hHiraKakuw1-h	H	HiraKakuProN-W1.otf
hHiraKakuw1-v	V	HiraKakuProN-W1.otf
hHiraKakuw2-h	H	HiraKakuProN-W2.otf
hHiraKakuw2-v	V	HiraKakuProN-W2.otf
hHiraKakuw3-h	H	HiraginoSansPr6N-W3.otf
hHiraKakuw3-v	V	HiraginoSansPr6N-W3.otf
hHiraKakuw4-h	H	HiraKakuProN-W4.otf
hHiraKakuw4-v	V	HiraKakuProN-W4.otf
hHiraKakuw5-h	H	HiraKakuProN-W5.otf
hHiraKakuw5-v	V	HiraKakuProN-W5.otf
hHiraKakuw6-h	H	HiraginoSansPr6N-W6.otf
hHiraKakuw6-v	V	HiraginoSansPr6N-W6.otf
hHiraKakuw7-h	H	HiraKakuStdN-W7.otf
hHiraKakuw7-v	V	HiraKakuStdN-W7.otf
hHiraKakuw8-h	H	HiraKakuStdN-W8.otf
hHiraKakuw8-v	V	HiraKakuStdN-W8.otf
hHiraKakuw9-h	H	HiraKakuStdN-W9.otf
hHiraKakuw9-v	V	HiraKakuStdN-W9.otf
hHiraMaruw2-h	H	HiraMaruStdN-W2.otf
hHiraMaruw2-v	V	HiraMaruStdN-W2.otf
hHiraMaruw3-h	H	HiraMaruStdN-W3.otf
hHiraMaruw3-v	V	HiraMaruStdN-W3.otf
hHiraMaruw4-h	H	HiraginoSansRPr6N-W4.otf
hHiraMaruw4-v	V	HiraginoSansRPr6N-W4.otf
hHiraMaruw5-h	H	HiraMaruStdN-W5.otf
hHiraMaruw5-v	V	HiraMaruStdN-W5.otf
hHiraMaruw6-h	H	HiraMaruStdN-W6.otf
hHiraMaruw6-v	V	HiraMaruStdN-W6.otf
hHiraMaruw8-h	H	HiraMaruStdN-W8.otf
hHiraMaruw8-v	V	HiraMaruStdN-W8.otf
hTBkoinm-h	H	TRoKointaiStd-Md.otf
hTBkoinm-v	V	TRoKointaiStd-Md.otf

% TEXT, JIS04
hRyuminln-h	H	A-OTF-RyuminPr6N-Light.otf
hRyuminln-v	V	A-OTF-RyuminPr6N-Light.otf
hRyuminrn-h	H	A-OTF-RyuminPr6N-Regular.otf
hRyuminrn-v	V	A-OTF-RyuminPr6N-Regular.otf
hRyuminmn-h	H	A-OTF-RyuminPr6N-Medium.otf
hRyuminmn-v	V	A-OTF-RyuminPr6N-Medium.otf
hRyuminbn-h	H	A-OTF-RyuminPr6N-Bold.otf
hRyuminbn-v	V	A-OTF-RyuminPr6N-Bold.otf
hRyuminebn-h	H	A-OTF-RyuminPr6N-ExBold.otf
hRyuminebn-v	V	A-OTF-RyuminPr6N-ExBold.otf
hRyuminhn-h	H	A-OTF-RyuminPr6N-Heavy.otf
hRyuminhn-v	V	A-OTF-RyuminPr6N-Heavy.otf
hRyuminehn-h	H	A-OTF-RyuminPr6N-ExHeavy.otf
hRyuminehn-v	V	A-OTF-RyuminPr6N-ExHeavy.otf
hRyuminun-h	H	A-OTF-RyuminPr6N-Ultra.otf
hRyuminun-v	V	A-OTF-RyuminPr6N-Ultra.otf
hShinGoeln-h	H	A-OTF-ShinGoPr6N-ExLight.otf
hShinGoeln-v	V	A-OTF-ShinGoPr6N-ExLight.otf
hShinGoln-h	H	A-OTF-ShinGoPr6N-Light.otf
hShinGoln-v	V	A-OTF-ShinGoPr6N-Light.otf
hShinGorn-h	H	A-OTF-ShinGoPr6N-Regular.otf
hShinGorn-v	V	A-OTF-ShinGoPr6N-Regular.otf
hShinGomn-h	H	A-OTF-ShinGoPr6N-Medium.otf
hShinGomn-v	V	A-OTF-ShinGoPr6N-Medium.otf
hShinGodbn-h	H	A-OTF-ShinGoPr6N-DeBold.otf
hShinGodbn-v	V	A-OTF-ShinGoPr6N-DeBold.otf
hShinGobn-h	H	A-OTF-ShinGoPr6N-Bold.otf
hShinGobn-v	V	A-OTF-ShinGoPr6N-Bold.otf
hShinGohn-h	H	A-OTF-ShinGoPr6N-Heavy.otf
hShinGohn-v	V	A-OTF-ShinGoPr6N-Heavy.otf
hShinGoun-h	H	A-OTF-ShinGoPr6N-Ultra.otf
hShinGoun-v	V	A-OTF-ShinGoPr6N-Ultra.otf
hShinMGoln-h	H	A-OTF-ShinMGoPr6N-Light.otf
hShinMGoln-v	V	A-OTF-ShinMGoPr6N-Light.otf
hShinMGorn-h	H	A-OTF-ShinMGoPr6N-Regular.otf
hShinMGorn-v	V	A-OTF-ShinMGoPr6N-Regular.otf
hShinMGomn-h	H	A-OTF-ShinMGoPr6N-Medium.otf
hShinMGomn-v	V	A-OTF-ShinMGoPr6N-Medium.otf
hShinMGodbn-h	H	A-OTF-ShinMGoPr6N-DeBold.otf
hShinMGodbn-v	V	A-OTF-ShinMGoPr6N-DeBold.otf
hShinMGobn-h	H	A-OTF-ShinMGoPr6N-Bold.otf
hShinMGobn-v	V	A-OTF-ShinMGoPr6N-Bold.otf
hShinMGohn-h	H	A-OTF-ShinMGoPr6N-Heavy.otf
hShinMGohn-v	V	A-OTF-ShinMGoPr6N-Heavy.otf
hShinMGoun-h	H	A-OTF-ShinMGoPr6N-Ultra.otf
hShinMGoun-v	V	A-OTF-ShinMGoPr6N-Ultra.otf
hHiraMinw2n-h	H	HiraMinProN-W2.otf
hHiraMinw2n-v	V	HiraMinProN-W2.otf
hHiraMinw3n-h	H	HiraginoSerifPr6N-W3.otf
hHiraMinw3n-v	V	HiraginoSerifPr6N-W3.otf
hHiraMinw4n-h	H	HiraMinStdN-W4.otf
hHiraMinw4n-v	V	HiraMinStdN-W4.otf
hHiraMinw5n-h	H	HiraMinStdN-W5.otf
hHiraMinw5n-v	V	HiraMinStdN-W5.otf
hHiraMinw6n-h	H	HiraginoSerifPr6N-W6.otf
hHiraMinw6n-v	V	HiraginoSerifPr6N-W6.otf
hHiraMinw7n-h	H	HiraMinStdN-W7.otf
hHiraMinw7n-v	V	HiraMinStdN-W7.otf
hHiraMinw8n-h	H	HiraMinStdN-W8.otf
hHiraMinw8n-v	V	HiraMinStdN-W8.otf
hHiraKakuw0n-h	H	HiraKakuStdN-W0.otf
hHiraKakuw0n-v	V	HiraKakuStdN-W0.otf
hHiraKakuw1n-h	H	HiraKakuProN-W1.otf
hHiraKakuw1n-v	V	HiraKakuProN-W1.otf
hHiraKakuw2n-h	H	HiraKakuProN-W2.otf
hHiraKakuw2n-v	V	HiraKakuProN-W2.otf
hHiraKakuw3n-h	H	HiraginoSansPr6N-W3.otf
hHiraKakuw3n-v	V	HiraginoSansPr6N-W3.otf
hHiraKakuw4n-h	H	HiraKakuProN-W4.otf
hHiraKakuw4n-v	V	HiraKakuProN-W4.otf
hHiraKakuw5n-h	H	HiraKakuProN-W5.otf
hHiraKakuw5n-v	V	HiraKakuProN-W5.otf
hHiraKakuw6n-h	H	HiraginoSansPr6N-W6.otf
hHiraKakuw6n-v	V	HiraginoSansPr6N-W6.otf
hHiraKakuw7n-h	H	HiraKakuStdN-W7.otf
hHiraKakuw7n-v	V	HiraKakuStdN-W7.otf
hHiraKakuw8n-h	H	HiraKakuStdN-W8.otf
hHiraKakuw8n-v	V	HiraKakuStdN-W8.otf
hHiraKakuw9n-h	H	HiraKakuStdN-W9.otf
hHiraKakuw9n-v	V	HiraKakuStdN-W9.otf
hHiraMaruw2n-h	H	HiraMaruStdN-W2.otf
hHiraMaruw2n-v	V	HiraMaruStdN-W2.otf
hHiraMaruw3n-h	H	HiraMaruStdN-W3.otf
hHiraMaruw3n-v	V	HiraMaruStdN-W3.otf
hHiraMaruw4n-h	H	HiraginoSansRPr6N-W4.otf
hHiraMaruw4n-v	V	HiraginoSansRPr6N-W4.otf
hHiraMaruw5n-h	H	HiraMaruStdN-W5.otf
hHiraMaruw5n-v	V	HiraMaruStdN-W5.otf
hHiraMaruw6n-h	H	HiraMaruStdN-W6.otf
hHiraMaruw6n-v	V	HiraMaruStdN-W6.otf
hHiraMaruw8n-h	H	HiraMaruStdN-W8.otf
hHiraMaruw8n-v	V	HiraMaruStdN-W8.otf
hTBkoinmn-h	H	TRoKointaiStd-Md.otf
hTBkoinmn-v	V	TRoKointaiStd-Md.otf

% CID
otf-cjRyuminl-h	Identity-H	A-OTF-RyuminPr6N-Light.otf
otf-cjRyuminl-v	Identity-V	A-OTF-RyuminPr6N-Light.otf
otf-cjRyuminr-h	Identity-H	A-OTF-RyuminPr6N-Regular.otf
otf-cjRyuminr-v	Identity-V	A-OTF-RyuminPr6N-Regular.otf
otf-cjRyuminm-h	Identity-H	A-OTF-RyuminPr6N-Medium.otf
otf-cjRyuminm-v	Identity-V	A-OTF-RyuminPr6N-Medium.otf
otf-cjRyuminb-h	Identity-H	A-OTF-RyuminPr6N-Bold.otf
otf-cjRyuminb-v	Identity-V	A-OTF-RyuminPr6N-Bold.otf
otf-cjRyumineb-h	Identity-H	A-OTF-RyuminPr6N-ExBold.otf
otf-cjRyumineb-v	Identity-V	A-OTF-RyuminPr6N-ExBold.otf
otf-cjRyuminh-h	Identity-H	A-OTF-RyuminPr6N-Heavy.otf
otf-cjRyuminh-v	Identity-V	A-OTF-RyuminPr6N-Heavy.otf
otf-cjRyumineh-h	Identity-H	A-OTF-RyuminPr6N-ExHeavy.otf
otf-cjRyumineh-v	Identity-V	A-OTF-RyuminPr6N-ExHeavy.otf
otf-cjRyuminu-h	Identity-H	A-OTF-RyuminPr6N-Ultra.otf
otf-cjRyuminu-v	Identity-V	A-OTF-RyuminPr6N-Ultra.otf
otf-cjShinGoel-h	Identity-H	A-OTF-ShinGoPr6N-ExLight.otf
otf-cjShinGoel-v	Identity-V	A-OTF-ShinGoPr6N-ExLight.otf
otf-cjShinGol-h	Identity-H	A-OTF-ShinGoPr6N-Light.otf
otf-cjShinGol-v	Identity-V	A-OTF-ShinGoPr6N-Light.otf
otf-cjShinGor-h	Identity-H	A-OTF-ShinGoPr6N-Regular.otf
otf-cjShinGor-v	Identity-V	A-OTF-ShinGoPr6N-Regular.otf
otf-cjShinGom-h	Identity-H	A-OTF-ShinGoPr6N-Medium.otf
otf-cjShinGom-v	Identity-V	A-OTF-ShinGoPr6N-Medium.otf
otf-cjShinGodb-h	Identity-H	A-OTF-ShinGoPr6N-DeBold.otf
otf-cjShinGodb-v	Identity-V	A-OTF-ShinGoPr6N-DeBold.otf
otf-cjShinGob-h	Identity-H	A-OTF-ShinGoPr6N-Bold.otf
otf-cjShinGob-v	Identity-V	A-OTF-ShinGoPr6N-Bold.otf
otf-cjShinGoh-h	Identity-H	A-OTF-ShinGoPr6N-Heavy.otf
otf-cjShinGoh-v	Identity-V	A-OTF-ShinGoPr6N-Heavy.otf
otf-cjShinGou-h	Identity-H	A-OTF-ShinGoPr6N-Ultra.otf
otf-cjShinGou-v	Identity-V	A-OTF-ShinGoPr6N-Ultra.otf
otf-cjShinMGol-h	Identity-H	A-OTF-ShinMGoPr6N-Light.otf
otf-cjShinMGol-v	Identity-V	A-OTF-ShinMGoPr6N-Light.otf
otf-cjShinMGor-h	Identity-H	A-OTF-ShinMGoPr6N-Regular.otf
otf-cjShinMGor-v	Identity-V	A-OTF-ShinMGoPr6N-Regular.otf
otf-cjShinMGom-h	Identity-H	A-OTF-ShinMGoPr6N-Medium.otf
otf-cjShinMGom-v	Identity-V	A-OTF-ShinMGoPr6N-Medium.otf
otf-cjShinMGodb-h	Identity-H	A-OTF-ShinMGoPr6N-DeBold.otf
otf-cjShinMGodb-v	Identity-V	A-OTF-ShinMGoPr6N-DeBold.otf
otf-cjShinMGob-h	Identity-H	A-OTF-ShinMGoPr6N-Bold.otf
otf-cjShinMGob-v	Identity-V	A-OTF-ShinMGoPr6N-Bold.otf
otf-cjShinMGoh-h	Identity-H	A-OTF-ShinMGoPr6N-Heavy.otf
otf-cjShinMGoh-v	Identity-V	A-OTF-ShinMGoPr6N-Heavy.otf
otf-cjShinMGou-h	Identity-H	A-OTF-ShinMGoPr6N-Ultra.otf
otf-cjShinMGou-v	Identity-V	A-OTF-ShinMGoPr6N-Ultra.otf
otf-cjHiraMinw2-h	Identity-H	HiraMinProN-W2.otf
otf-cjHiraMinw2-v	Identity-V	HiraMinProN-W2.otf
otf-cjHiraMinw3-h	Identity-H	HiraginoSerifPr6N-W3.otf
otf-cjHiraMinw3-v	Identity-V	HiraginoSerifPr6N-W3.otf
otf-cjHiraMinw4-h	Identity-H	HiraMinStdN-W4.otf
otf-cjHiraMinw4-v	Identity-V	HiraMinStdN-W4.otf
otf-cjHiraMinw5-h	Identity-H	HiraMinStdN-W5.otf
otf-cjHiraMinw5-v	Identity-V	HiraMinStdN-W5.otf
otf-cjHiraMinw6-h	Identity-H	HiraginoSerifPr6N-W6.otf
otf-cjHiraMinw6-v	Identity-V	HiraginoSerifPr6N-W6.otf
otf-cjHiraMinw7-h	Identity-H	HiraMinStdN-W7.otf
otf-cjHiraMinw7-v	Identity-V	HiraMinStdN-W7.otf
otf-cjHiraMinw8-h	Identity-H	HiraMinStdN-W8.otf
otf-cjHiraMinw8-v	Identity-V	HiraMinStdN-W8.otf
otf-cjHiraKakuw0-h	Identity-H	HiraKakuStdN-W0.otf
otf-cjHiraKakuw0-v	Identity-V	HiraKakuStdN-W0.otf
otf-cjHiraKakuw1-h	Identity-H	HiraKakuProN-W1.otf
otf-cjHiraKakuw1-v	Identity-V	HiraKakuProN-W1.otf
otf-cjHiraKakuw2-h	Identity-H	HiraKakuProN-W2.otf
otf-cjHiraKakuw2-v	Identity-V	HiraKakuProN-W2.otf
otf-cjHiraKakuw3-h	Identity-H	HiraginoSansPr6N-W3.otf
otf-cjHiraKakuw3-v	Identity-V	HiraginoSansPr6N-W3.otf
otf-cjHiraKakuw4-h	Identity-H	HiraKakuProN-W4.otf
otf-cjHiraKakuw4-v	Identity-V	HiraKakuProN-W4.otf
otf-cjHiraKakuw5-h	Identity-H	HiraKakuProN-W5.otf
otf-cjHiraKakuw5-v	Identity-V	HiraKakuProN-W5.otf
otf-cjHiraKakuw6-h	Identity-H	HiraginoSansPr6N-W6.otf
otf-cjHiraKakuw6-v	Identity-V	HiraginoSansPr6N-W6.otf
otf-cjHiraKakuw7-h	Identity-H	HiraKakuStdN-W7.otf
otf-cjHiraKakuw7-v	Identity-V	HiraKakuStdN-W7.otf
otf-cjHiraKakuw8-h	Identity-H	HiraKakuStdN-W8.otf
otf-cjHiraKakuw8-v	Identity-V	HiraKakuStdN-W8.otf
otf-cjHiraKakuw9-h	Identity-H	HiraKakuStdN-W9.otf
otf-cjHiraKakuw9-v	Identity-V	HiraKakuStdN-W9.otf
otf-cjHiraMaruw2-h	Identity-H	HiraMaruStdN-W2.otf
otf-cjHiraMaruw2-v	Identity-V	HiraMaruStdN-W2.otf
otf-cjHiraMaruw3-h	Identity-H	HiraMaruStdN-W3.otf
otf-cjHiraMaruw3-v	Identity-V	HiraMaruStdN-W3.otf
otf-cjHiraMaruw4-h	Identity-H	HiraginoSansRPr6N-W4.otf
otf-cjHiraMaruw4-v	Identity-V	HiraginoSansRPr6N-W4.otf
otf-cjHiraMaruw5-h	Identity-H	HiraMaruStdN-W5.otf
otf-cjHiraMaruw5-v	Identity-V	HiraMaruStdN-W5.otf
otf-cjHiraMaruw6-h	Identity-H	HiraMaruStdN-W6.otf
otf-cjHiraMaruw6-v	Identity-V	HiraMaruStdN-W6.otf
otf-cjHiraMaruw8-h	Identity-H	HiraMaruStdN-W8.otf
otf-cjHiraMaruw8-v	Identity-V	HiraMaruStdN-W8.otf
otf-cjTBkoinm-h	Identity-H	TRoKointaiStd-Md.otf
otf-cjTBkoinm-v	Identity-V	TRoKointaiStd-Md.otf

% Unicode 90JIS
otf-ujRyuminl-h	UniJIS-UTF16-H	A-OTF-RyuminPr6N-Light.otf
otf-ujRyuminl-v	UniJIS-UTF16-V	A-OTF-RyuminPr6N-Light.otf
otf-ujRyuminr-h	UniJIS-UTF16-H	A-OTF-RyuminPr6N-Regular.otf
otf-ujRyuminr-v	UniJIS-UTF16-V	A-OTF-RyuminPr6N-Regular.otf
otf-ujRyuminm-h	UniJIS-UTF16-H	A-OTF-RyuminPr6N-Medium.otf
otf-ujRyuminm-v	UniJIS-UTF16-V	A-OTF-RyuminPr6N-Medium.otf
otf-ujRyuminb-h	UniJIS-UTF16-H	A-OTF-RyuminPr6N-Bold.otf
otf-ujRyuminb-v	UniJIS-UTF16-V	A-OTF-RyuminPr6N-Bold.otf
otf-ujRyumineb-h	UniJIS-UTF16-H	A-OTF-RyuminPr6N-ExBold.otf
otf-ujRyumineb-v	UniJIS-UTF16-V	A-OTF-RyuminPr6N-ExBold.otf
otf-ujRyuminh-h	UniJIS-UTF16-H	A-OTF-RyuminPr6N-Heavy.otf
otf-ujRyuminh-v	UniJIS-UTF16-V	A-OTF-RyuminPr6N-Heavy.otf
otf-ujRyumineh-h	UniJIS-UTF16-H	A-OTF-RyuminPr6N-ExHeavy.otf
otf-ujRyumineh-v	UniJIS-UTF16-V	A-OTF-RyuminPr6N-ExHeavy.otf
otf-ujRyuminu-h	UniJIS-UTF16-H	A-OTF-RyuminPr6N-Ultra.otf
otf-ujRyuminu-v	UniJIS-UTF16-V	A-OTF-RyuminPr6N-Ultra.otf
otf-ujShinGoel-h	UniJIS-UTF16-H	A-OTF-ShinGoPr6N-ExLight.otf
otf-ujShinGoel-v	UniJIS-UTF16-V	A-OTF-ShinGoPr6N-ExLight.otf
otf-ujShinGol-h	UniJIS-UTF16-H	A-OTF-ShinGoPr6N-Light.otf
otf-ujShinGol-v	UniJIS-UTF16-V	A-OTF-ShinGoPr6N-Light.otf
otf-ujShinGor-h	UniJIS-UTF16-H	A-OTF-ShinGoPr6N-Regular.otf
otf-ujShinGor-v	UniJIS-UTF16-V	A-OTF-ShinGoPr6N-Regular.otf
otf-ujShinGom-h	UniJIS-UTF16-H	A-OTF-ShinGoPr6N-Medium.otf
otf-ujShinGom-v	UniJIS-UTF16-V	A-OTF-ShinGoPr6N-Medium.otf
otf-ujShinGodb-h	UniJIS-UTF16-H	A-OTF-ShinGoPr6N-DeBold.otf
otf-ujShinGodb-v	UniJIS-UTF16-V	A-OTF-ShinGoPr6N-DeBold.otf
otf-ujShinGob-h	UniJIS-UTF16-H	A-OTF-ShinGoPr6N-Bold.otf
otf-ujShinGob-v	UniJIS-UTF16-V	A-OTF-ShinGoPr6N-Bold.otf
otf-ujShinGoh-h	UniJIS-UTF16-H	A-OTF-ShinGoPr6N-Heavy.otf
otf-ujShinGoh-v	UniJIS-UTF16-V	A-OTF-ShinGoPr6N-Heavy.otf
otf-ujShinGou-h	UniJIS-UTF16-H	A-OTF-ShinGoPr6N-Ultra.otf
otf-ujShinGou-v	UniJIS-UTF16-V	A-OTF-ShinGoPr6N-Ultra.otf
otf-ujShinMGol-h	UniJIS-UTF16-H	A-OTF-ShinMGoPr6N-Light.otf
otf-ujShinMGol-v	UniJIS-UTF16-V	A-OTF-ShinMGoPr6N-Light.otf
otf-ujShinMGor-h	UniJIS-UTF16-H	A-OTF-ShinMGoPr6N-Regular.otf
otf-ujShinMGor-v	UniJIS-UTF16-V	A-OTF-ShinMGoPr6N-Regular.otf
otf-ujShinMGom-h	UniJIS-UTF16-H	A-OTF-ShinMGoPr6N-Medium.otf
otf-ujShinMGom-v	UniJIS-UTF16-V	A-OTF-ShinMGoPr6N-Medium.otf
otf-ujShinMGodb-h	UniJIS-UTF16-H	A-OTF-ShinMGoPr6N-DeBold.otf
otf-ujShinMGodb-v	UniJIS-UTF16-V	A-OTF-ShinMGoPr6N-DeBold.otf
otf-ujShinMGob-h	UniJIS-UTF16-H	A-OTF-ShinMGoPr6N-Bold.otf
otf-ujShinMGob-v	UniJIS-UTF16-V	A-OTF-ShinMGoPr6N-Bold.otf
otf-ujShinMGoh-h	UniJIS-UTF16-H	A-OTF-ShinMGoPr6N-Heavy.otf
otf-ujShinMGoh-v	UniJIS-UTF16-V	A-OTF-ShinMGoPr6N-Heavy.otf
otf-ujShinMGou-h	UniJIS-UTF16-H	A-OTF-ShinMGoPr6N-Ultra.otf
otf-ujShinMGou-v	UniJIS-UTF16-V	A-OTF-ShinMGoPr6N-Ultra.otf
otf-ujHiraMinw2-h	UniJIS-UTF16-H	HiraMinProN-W2.otf
otf-ujHiraMinw2-v	UniJIS-UTF16-V	HiraMinProN-W2.otf
otf-ujHiraMinw3-h	UniJIS-UTF16-H	HiraginoSerifPr6N-W3.otf
otf-ujHiraMinw3-v	UniJIS-UTF16-V	HiraginoSerifPr6N-W3.otf
otf-ujHiraMinw4-h	UniJIS-UTF16-H	HiraMinStdN-W4.otf
otf-ujHiraMinw4-v	UniJIS-UTF16-V	HiraMinStdN-W4.otf
otf-ujHiraMinw5-h	UniJIS-UTF16-H	HiraMinStdN-W5.otf
otf-ujHiraMinw5-v	UniJIS-UTF16-V	HiraMinStdN-W5.otf
otf-ujHiraMinw6-h	UniJIS-UTF16-H	HiraginoSerifPr6N-W6.otf
otf-ujHiraMinw6-v	UniJIS-UTF16-V	HiraginoSerifPr6N-W6.otf
otf-ujHiraMinw7-h	UniJIS-UTF16-H	HiraMinStdN-W7.otf
otf-ujHiraMinw7-v	UniJIS-UTF16-V	HiraMinStdN-W7.otf
otf-ujHiraMinw8-h	UniJIS-UTF16-H	HiraMinStdN-W8.otf
otf-ujHiraMinw8-v	UniJIS-UTF16-V	HiraMinStdN-W8.otf
otf-ujHiraKakuw0-h	UniJIS-UTF16-H	HiraKakuStdN-W0.otf
otf-ujHiraKakuw0-v	UniJIS-UTF16-V	HiraKakuStdN-W0.otf
otf-ujHiraKakuw1-h	UniJIS-UTF16-H	HiraKakuProN-W1.otf
otf-ujHiraKakuw1-v	UniJIS-UTF16-V	HiraKakuProN-W1.otf
otf-ujHiraKakuw2-h	UniJIS-UTF16-H	HiraKakuProN-W2.otf
otf-ujHiraKakuw2-v	UniJIS-UTF16-V	HiraKakuProN-W2.otf
otf-ujHiraKakuw3-h	UniJIS-UTF16-H	HiraginoSansPr6N-W3.otf
otf-ujHiraKakuw3-v	UniJIS-UTF16-V	HiraginoSansPr6N-W3.otf
otf-ujHiraKakuw4-h	UniJIS-UTF16-H	HiraKakuProN-W4.otf
otf-ujHiraKakuw4-v	UniJIS-UTF16-V	HiraKakuProN-W4.otf
otf-ujHiraKakuw5-h	UniJIS-UTF16-H	HiraKakuProN-W5.otf
otf-ujHiraKakuw5-v	UniJIS-UTF16-V	HiraKakuProN-W5.otf
otf-ujHiraKakuw6-h	UniJIS-UTF16-H	HiraginoSansPr6N-W6.otf
otf-ujHiraKakuw6-v	UniJIS-UTF16-V	HiraginoSansPr6N-W6.otf
otf-ujHiraKakuw7-h	UniJIS-UTF16-H	HiraKakuStdN-W7.otf
otf-ujHiraKakuw7-v	UniJIS-UTF16-V	HiraKakuStdN-W7.otf
otf-ujHiraKakuw8-h	UniJIS-UTF16-H	HiraKakuStdN-W8.otf
otf-ujHiraKakuw8-v	UniJIS-UTF16-V	HiraKakuStdN-W8.otf
otf-ujHiraKakuw9-h	UniJIS-UTF16-H	HiraKakuStdN-W9.otf
otf-ujHiraKakuw9-v	UniJIS-UTF16-V	HiraKakuStdN-W9.otf
otf-ujHiraMaruw2-h	UniJIS-UTF16-H	HiraMaruStdN-W2.otf
otf-ujHiraMaruw2-v	UniJIS-UTF16-V	HiraMaruStdN-W2.otf
otf-ujHiraMaruw3-h	UniJIS-UTF16-H	HiraMaruStdN-W3.otf
otf-ujHiraMaruw3-v	UniJIS-UTF16-V	HiraMaruStdN-W3.otf
otf-ujHiraMaruw4-h	UniJIS-UTF16-H	HiraginoSansRPr6N-W4.otf
otf-ujHiraMaruw4-v	UniJIS-UTF16-V	HiraginoSansRPr6N-W4.otf
otf-ujHiraMaruw5-h	UniJIS-UTF16-H	HiraMaruStdN-W5.otf
otf-ujHiraMaruw5-v	UniJIS-UTF16-V	HiraMaruStdN-W5.otf
otf-ujHiraMaruw6-h	UniJIS-UTF16-H	HiraMaruStdN-W6.otf
otf-ujHiraMaruw6-v	UniJIS-UTF16-V	HiraMaruStdN-W6.otf
otf-ujHiraMaruw8-h	UniJIS-UTF16-H	HiraMaruStdN-W8.otf
otf-ujHiraMaruw8-v	UniJIS-UTF16-V	HiraMaruStdN-W8.otf
otf-ujTBkoinm-h	UniJIS-UTF16-H	TRoKointaiStd-Md.otf
otf-ujTBkoinm-v	UniJIS-UTF16-V	TRoKointaiStd-Md.otf

% Unicode JIS04
otf-ujRyuminln-h	UniJIS2004-UTF16-H	A-OTF-RyuminPr6N-Light.otf
otf-ujRyuminln-v	UniJIS2004-UTF16-V	A-OTF-RyuminPr6N-Light.otf
otf-ujRyuminrn-h	UniJIS2004-UTF16-H	A-OTF-RyuminPr6N-Regular.otf
otf-ujRyuminrn-v	UniJIS2004-UTF16-V	A-OTF-RyuminPr6N-Regular.otf
otf-ujRyuminmn-h	UniJIS2004-UTF16-H	A-OTF-RyuminPr6N-Medium.otf
otf-ujRyuminmn-v	UniJIS2004-UTF16-V	A-OTF-RyuminPr6N-Medium.otf
otf-ujRyuminbn-h	UniJIS2004-UTF16-H	A-OTF-RyuminPr6N-Bold.otf
otf-ujRyuminbn-v	UniJIS2004-UTF16-V	A-OTF-RyuminPr6N-Bold.otf
otf-ujRyuminebn-h	UniJIS2004-UTF16-H	A-OTF-RyuminPr6N-ExBold.otf
otf-ujRyuminebn-v	UniJIS2004-UTF16-V	A-OTF-RyuminPr6N-ExBold.otf
otf-ujRyuminhn-h	UniJIS2004-UTF16-H	A-OTF-RyuminPr6N-Heavy.otf
otf-ujRyuminhn-v	UniJIS2004-UTF16-V	A-OTF-RyuminPr6N-Heavy.otf
otf-ujRyuminehn-h	UniJIS2004-UTF16-H	A-OTF-RyuminPr6N-ExHeavy.otf
otf-ujRyuminehn-v	UniJIS2004-UTF16-V	A-OTF-RyuminPr6N-ExHeavy.otf
otf-ujRyuminun-h	UniJIS2004-UTF16-H	A-OTF-RyuminPr6N-Ultra.otf
otf-ujRyuminun-v	UniJIS2004-UTF16-V	A-OTF-RyuminPr6N-Ultra.otf
otf-ujShinGoeln-h	UniJIS2004-UTF16-H	A-OTF-ShinGoPr6N-ExLight.otf
otf-ujShinGoeln-v	UniJIS2004-UTF16-V	A-OTF-ShinGoPr6N-ExLight.otf
otf-ujShinGoln-h	UniJIS2004-UTF16-H	A-OTF-ShinGoPr6N-Light.otf
otf-ujShinGoln-v	UniJIS2004-UTF16-V	A-OTF-ShinGoPr6N-Light.otf
otf-ujShinGorn-h	UniJIS2004-UTF16-H	A-OTF-ShinGoPr6N-Regular.otf
otf-ujShinGorn-v	UniJIS2004-UTF16-V	A-OTF-ShinGoPr6N-Regular.otf
otf-ujShinGomn-h	UniJIS2004-UTF16-H	A-OTF-ShinGoPr6N-Medium.otf
otf-ujShinGomn-v	UniJIS2004-UTF16-V	A-OTF-ShinGoPr6N-Medium.otf
otf-ujShinGodbn-h	UniJIS2004-UTF16-H	A-OTF-ShinGoPr6N-DeBold.otf
otf-ujShinGodbn-v	UniJIS2004-UTF16-V	A-OTF-ShinGoPr6N-DeBold.otf
otf-ujShinGobn-h	UniJIS2004-UTF16-H	A-OTF-ShinGoPr6N-Bold.otf
otf-ujShinGobn-v	UniJIS2004-UTF16-V	A-OTF-ShinGoPr6N-Bold.otf
otf-ujShinGohn-h	UniJIS2004-UTF16-H	A-OTF-ShinGoPr6N-Heavy.otf
otf-ujShinGohn-v	UniJIS2004-UTF16-V	A-OTF-ShinGoPr6N-Heavy.otf
otf-ujShinGoun-h	UniJIS2004-UTF16-H	A-OTF-ShinGoPr6N-Ultra.otf
otf-ujShinGoun-v	UniJIS2004-UTF16-V	A-OTF-ShinGoPr6N-Ultra.otf
otf-ujShinMGoln-h	UniJIS2004-UTF16-H	A-OTF-ShinMGoPr6N-Light.otf
otf-ujShinMGoln-v	UniJIS2004-UTF16-V	A-OTF-ShinMGoPr6N-Light.otf
otf-ujShinMGorn-h	UniJIS2004-UTF16-H	A-OTF-ShinMGoPr6N-Regular.otf
otf-ujShinMGorn-v	UniJIS2004-UTF16-V	A-OTF-ShinMGoPr6N-Regular.otf
otf-ujShinMGomn-h	UniJIS2004-UTF16-H	A-OTF-ShinMGoPr6N-Medium.otf
otf-ujShinMGomn-v	UniJIS2004-UTF16-V	A-OTF-ShinMGoPr6N-Medium.otf
otf-ujShinMGodbn-h	UniJIS2004-UTF16-H	A-OTF-ShinMGoPr6N-DeBold.otf
otf-ujShinMGodbn-v	UniJIS2004-UTF16-V	A-OTF-ShinMGoPr6N-DeBold.otf
otf-ujShinMGobn-h	UniJIS2004-UTF16-H	A-OTF-ShinMGoPr6N-Bold.otf
otf-ujShinMGobn-v	UniJIS2004-UTF16-V	A-OTF-ShinMGoPr6N-Bold.otf
otf-ujShinMGohn-h	UniJIS2004-UTF16-H	A-OTF-ShinMGoPr6N-Heavy.otf
otf-ujShinMGohn-v	UniJIS2004-UTF16-V	A-OTF-ShinMGoPr6N-Heavy.otf
otf-ujShinMGoun-h	UniJIS2004-UTF16-H	A-OTF-ShinMGoPr6N-Ultra.otf
otf-ujShinMGoun-v	UniJIS2004-UTF16-V	A-OTF-ShinMGoPr6N-Ultra.otf
otf-ujHiraMinw2n-h	UniJIS2004-UTF16-H	HiraMinProN-W2.otf
otf-ujHiraMinw2n-v	UniJIS2004-UTF16-V	HiraMinProN-W2.otf
otf-ujHiraMinw3n-h	UniJIS2004-UTF16-H	HiraginoSerifPr6N-W3.otf
otf-ujHiraMinw3n-v	UniJIS2004-UTF16-V	HiraginoSerifPr6N-W3.otf
otf-ujHiraMinw4n-h	UniJIS2004-UTF16-H	HiraMinStdN-W4.otf
otf-ujHiraMinw4n-v	UniJIS2004-UTF16-V	HiraMinStdN-W4.otf
otf-ujHiraMinw5n-h	UniJIS2004-UTF16-H	HiraMinStdN-W5.otf
otf-ujHiraMinw5n-v	UniJIS2004-UTF16-V	HiraMinStdN-W5.otf
otf-ujHiraMinw6n-h	UniJIS2004-UTF16-H	HiraginoSerifPr6N-W6.otf
otf-ujHiraMinw6n-v	UniJIS2004-UTF16-V	HiraginoSerifPr6N-W6.otf
otf-ujHiraMinw7n-h	UniJIS2004-UTF16-H	HiraMinStdN-W7.otf
otf-ujHiraMinw7n-v	UniJIS2004-UTF16-V	HiraMinStdN-W7.otf
otf-ujHiraMinw8n-h	UniJIS2004-UTF16-H	HiraMinStdN-W8.otf
otf-ujHiraMinw8n-v	UniJIS2004-UTF16-V	HiraMinStdN-W8.otf
otf-ujHiraKakuw0n-h	UniJIS2004-UTF16-H	HiraKakuStdN-W0.otf
otf-ujHiraKakuw0n-v	UniJIS2004-UTF16-V	HiraKakuStdN-W0.otf
otf-ujHiraKakuw1n-h	UniJIS2004-UTF16-H	HiraKakuProN-W1.otf
otf-ujHiraKakuw1n-v	UniJIS2004-UTF16-V	HiraKakuProN-W1.otf
otf-ujHiraKakuw2n-h	UniJIS2004-UTF16-H	HiraKakuProN-W2.otf
otf-ujHiraKakuw2n-v	UniJIS2004-UTF16-V	HiraKakuProN-W2.otf
otf-ujHiraKakuw3n-h	UniJIS2004-UTF16-H	HiraginoSansPr6N-W3.otf
otf-ujHiraKakuw3n-v	UniJIS2004-UTF16-V	HiraginoSansPr6N-W3.otf
otf-ujHiraKakuw4n-h	UniJIS2004-UTF16-H	HiraKakuProN-W4.otf
otf-ujHiraKakuw4n-v	UniJIS2004-UTF16-V	HiraKakuProN-W4.otf
otf-ujHiraKakuw5n-h	UniJIS2004-UTF16-H	HiraKakuProN-W5.otf
otf-ujHiraKakuw5n-v	UniJIS2004-UTF16-V	HiraKakuProN-W5.otf
otf-ujHiraKakuw6n-h	UniJIS2004-UTF16-H	HiraginoSansPr6N-W6.otf
otf-ujHiraKakuw6n-v	UniJIS2004-UTF16-V	HiraginoSansPr6N-W6.otf
otf-ujHiraKakuw7n-h	UniJIS2004-UTF16-H	HiraKakuStdN-W7.otf
otf-ujHiraKakuw7n-v	UniJIS2004-UTF16-V	HiraKakuStdN-W7.otf
otf-ujHiraKakuw8n-h	UniJIS2004-UTF16-H	HiraKakuStdN-W8.otf
otf-ujHiraKakuw8n-v	UniJIS2004-UTF16-V	HiraKakuStdN-W8.otf
otf-ujHiraKakuw9n-h	UniJIS2004-UTF16-H	HiraKakuStdN-W9.otf
otf-ujHiraKakuw9n-v	UniJIS2004-UTF16-V	HiraKakuStdN-W9.otf
otf-ujHiraMaruw2n-h	UniJIS2004-UTF16-H	HiraMaruStdN-W2.otf
otf-ujHiraMaruw2n-v	UniJIS2004-UTF16-V	HiraMaruStdN-W2.otf
otf-ujHiraMaruw3n-h	UniJIS2004-UTF16-H	HiraMaruStdN-W3.otf
otf-ujHiraMaruw3n-v	UniJIS2004-UTF16-V	HiraMaruStdN-W3.otf
otf-ujHiraMaruw4n-h	UniJIS2004-UTF16-H	HiraginoSansRPr6N-W4.otf
otf-ujHiraMaruw4n-v	UniJIS2004-UTF16-V	HiraginoSansRPr6N-W4.otf
otf-ujHiraMaruw5n-h	UniJIS2004-UTF16-H	HiraMaruStdN-W5.otf
otf-ujHiraMaruw5n-v	UniJIS2004-UTF16-V	HiraMaruStdN-W5.otf
otf-ujHiraMaruw6n-h	UniJIS2004-UTF16-H	HiraMaruStdN-W6.otf
otf-ujHiraMaruw6n-v	UniJIS2004-UTF16-V	HiraMaruStdN-W6.otf
otf-ujHiraMaruw8n-h	UniJIS2004-UTF16-H	HiraMaruStdN-W8.otf
otf-ujHiraMaruw8n-v	UniJIS2004-UTF16-V	HiraMaruStdN-W8.otf
otf-ujTBkoinmn-h	UniJIS2004-UTF16-H	TRoKointaiStd-Md.otf
otf-ujTBkoinmn-v	UniJIS2004-UTF16-V	TRoKointaiStd-Md.otf

% TEXT, 90JIS, upLaTeX
uphRyuminl-h	UniJIS-UTF16-H	A-OTF-RyuminPr6N-Light.otf
uphRyuminl-v	UniJIS-UTF16-V	A-OTF-RyuminPr6N-Light.otf
uphRyuminr-h	UniJIS-UTF16-H	A-OTF-RyuminPr6N-Regular.otf
uphRyuminr-v	UniJIS-UTF16-V	A-OTF-RyuminPr6N-Regular.otf
uphRyuminm-h	UniJIS-UTF16-H	A-OTF-RyuminPr6N-Medium.otf
uphRyuminm-v	UniJIS-UTF16-V	A-OTF-RyuminPr6N-Medium.otf
uphRyuminb-h	UniJIS-UTF16-H	A-OTF-RyuminPr6N-Bold.otf
uphRyuminb-v	UniJIS-UTF16-V	A-OTF-RyuminPr6N-Bold.otf
uphRyumineb-h	UniJIS-UTF16-H	A-OTF-RyuminPr6N-ExBold.otf
uphRyumineb-v	UniJIS-UTF16-V	A-OTF-RyuminPr6N-ExBold.otf
uphRyuminh-h	UniJIS-UTF16-H	A-OTF-RyuminPr6N-Heavy.otf
uphRyuminh-v	UniJIS-UTF16-V	A-OTF-RyuminPr6N-Heavy.otf
uphRyumineh-h	UniJIS-UTF16-H	A-OTF-RyuminPr6N-ExHeavy.otf
uphRyumineh-v	UniJIS-UTF16-V	A-OTF-RyuminPr6N-ExHeavy.otf
uphRyuminu-h	UniJIS-UTF16-H	A-OTF-RyuminPr6N-Ultra.otf
uphRyuminu-v	UniJIS-UTF16-V	A-OTF-RyuminPr6N-Ultra.otf
uphShinGoel-h	UniJIS-UTF16-H	A-OTF-ShinGoPr6N-ExLight.otf
uphShinGoel-v	UniJIS-UTF16-V	A-OTF-ShinGoPr6N-ExLight.otf
uphShinGol-h	UniJIS-UTF16-H	A-OTF-ShinGoPr6N-Light.otf
uphShinGol-v	UniJIS-UTF16-V	A-OTF-ShinGoPr6N-Light.otf
uphShinGor-h	UniJIS-UTF16-H	A-OTF-ShinGoPr6N-Regular.otf
uphShinGor-v	UniJIS-UTF16-V	A-OTF-ShinGoPr6N-Regular.otf
uphShinGom-h	UniJIS-UTF16-H	A-OTF-ShinGoPr6N-Medium.otf
uphShinGom-v	UniJIS-UTF16-V	A-OTF-ShinGoPr6N-Medium.otf
uphShinGodb-h	UniJIS-UTF16-H	A-OTF-ShinGoPr6N-DeBold.otf
uphShinGodb-v	UniJIS-UTF16-V	A-OTF-ShinGoPr6N-DeBold.otf
uphShinGob-h	UniJIS-UTF16-H	A-OTF-ShinGoPr6N-Bold.otf
uphShinGob-v	UniJIS-UTF16-V	A-OTF-ShinGoPr6N-Bold.otf
uphShinGoh-h	UniJIS-UTF16-H	A-OTF-ShinGoPr6N-Heavy.otf
uphShinGoh-v	UniJIS-UTF16-V	A-OTF-ShinGoPr6N-Heavy.otf
uphShinGou-h	UniJIS-UTF16-H	A-OTF-ShinGoPr6N-Ultra.otf
uphShinGou-v	UniJIS-UTF16-V	A-OTF-ShinGoPr6N-Ultra.otf
uphShinMGol-h	UniJIS-UTF16-H	A-OTF-ShinMGoPr6N-Light.otf
uphShinMGol-v	UniJIS-UTF16-V	A-OTF-ShinMGoPr6N-Light.otf
uphShinMGor-h	UniJIS-UTF16-H	A-OTF-ShinMGoPr6N-Regular.otf
uphShinMGor-v	UniJIS-UTF16-V	A-OTF-ShinMGoPr6N-Regular.otf
uphShinMGom-h	UniJIS-UTF16-H	A-OTF-ShinMGoPr6N-Medium.otf
uphShinMGom-v	UniJIS-UTF16-V	A-OTF-ShinMGoPr6N-Medium.otf
uphShinMGodb-h	UniJIS-UTF16-H	A-OTF-ShinMGoPr6N-DeBold.otf
uphShinMGodb-v	UniJIS-UTF16-V	A-OTF-ShinMGoPr6N-DeBold.otf
uphShinMGob-h	UniJIS-UTF16-H	A-OTF-ShinMGoPr6N-Bold.otf
uphShinMGob-v	UniJIS-UTF16-V	A-OTF-ShinMGoPr6N-Bold.otf
uphShinMGoh-h	UniJIS-UTF16-H	A-OTF-ShinMGoPr6N-Heavy.otf
uphShinMGoh-v	UniJIS-UTF16-V	A-OTF-ShinMGoPr6N-Heavy.otf
uphShinMGou-h	UniJIS-UTF16-H	A-OTF-ShinMGoPr6N-Ultra.otf
uphShinMGou-v	UniJIS-UTF16-V	A-OTF-ShinMGoPr6N-Ultra.otf
uphHiraMinw2-h	UniJIS-UTF16-H	HiraMinProN-W2.otf
uphHiraMinw2-v	UniJIS-UTF16-V	HiraMinProN-W2.otf
uphHiraMinw3-h	UniJIS-UTF16-H	HiraginoSerifPr6N-W3.otf
uphHiraMinw3-v	UniJIS-UTF16-V	HiraginoSerifPr6N-W3.otf
uphHiraMinw4-h	UniJIS-UTF16-H	HiraMinStdN-W4.otf
uphHiraMinw4-v	UniJIS-UTF16-V	HiraMinStdN-W4.otf
uphHiraMinw5-h	UniJIS-UTF16-H	HiraMinStdN-W5.otf
uphHiraMinw5-v	UniJIS-UTF16-V	HiraMinStdN-W5.otf
uphHiraMinw6-h	UniJIS-UTF16-H	HiraginoSerifPr6N-W6.otf
uphHiraMinw6-v	UniJIS-UTF16-V	HiraginoSerifPr6N-W6.otf
uphHiraMinw7-h	UniJIS-UTF16-H	HiraMinStdN-W7.otf
uphHiraMinw7-v	UniJIS-UTF16-V	HiraMinStdN-W7.otf
uphHiraMinw8-h	UniJIS-UTF16-H	HiraMinStdN-W8.otf
uphHiraMinw8-v	UniJIS-UTF16-V	HiraMinStdN-W8.otf
uphHiraKakuw0-h	UniJIS-UTF16-H	HiraKakuStdN-W0.otf
uphHiraKakuw0-v	UniJIS-UTF16-V	HiraKakuStdN-W0.otf
uphHiraKakuw1-h	UniJIS-UTF16-H	HiraKakuProN-W1.otf
uphHiraKakuw1-v	UniJIS-UTF16-V	HiraKakuProN-W1.otf
uphHiraKakuw2-h	UniJIS-UTF16-H	HiraKakuProN-W2.otf
uphHiraKakuw2-v	UniJIS-UTF16-V	HiraKakuProN-W2.otf
uphHiraKakuw3-h	UniJIS-UTF16-H	HiraginoSansPr6N-W3.otf
uphHiraKakuw3-v	UniJIS-UTF16-V	HiraginoSansPr6N-W3.otf
uphHiraKakuw4-h	UniJIS-UTF16-H	HiraKakuProN-W4.otf
uphHiraKakuw4-v	UniJIS-UTF16-V	HiraKakuProN-W4.otf
uphHiraKakuw5-h	UniJIS-UTF16-H	HiraKakuProN-W5.otf
uphHiraKakuw5-v	UniJIS-UTF16-V	HiraKakuProN-W5.otf
uphHiraKakuw6-h	UniJIS-UTF16-H	HiraginoSansPr6N-W6.otf
uphHiraKakuw6-v	UniJIS-UTF16-V	HiraginoSansPr6N-W6.otf
uphHiraKakuw7-h	UniJIS-UTF16-H	HiraKakuStdN-W7.otf
uphHiraKakuw7-v	UniJIS-UTF16-V	HiraKakuStdN-W7.otf
uphHiraKakuw8-h	UniJIS-UTF16-H	HiraKakuStdN-W8.otf
uphHiraKakuw8-v	UniJIS-UTF16-V	HiraKakuStdN-W8.otf
uphHiraKakuw9-h	UniJIS-UTF16-H	HiraKakuStdN-W9.otf
uphHiraKakuw9-v	UniJIS-UTF16-V	HiraKakuStdN-W9.otf
uphHiraMaruw2-h	UniJIS-UTF16-H	HiraMaruStdN-W2.otf
uphHiraMaruw2-v	UniJIS-UTF16-V	HiraMaruStdN-W2.otf
uphHiraMaruw3-h	UniJIS-UTF16-H	HiraMaruStdN-W3.otf
uphHiraMaruw3-v	UniJIS-UTF16-V	HiraMaruStdN-W3.otf
uphHiraMaruw4-h	UniJIS-UTF16-H	HiraginoSansRPr6N-W4.otf
uphHiraMaruw4-v	UniJIS-UTF16-V	HiraginoSansRPr6N-W4.otf
uphHiraMaruw5-h	UniJIS-UTF16-H	HiraMaruStdN-W5.otf
uphHiraMaruw5-v	UniJIS-UTF16-V	HiraMaruStdN-W5.otf
uphHiraMaruw6-h	UniJIS-UTF16-H	HiraMaruStdN-W6.otf
uphHiraMaruw6-v	UniJIS-UTF16-V	HiraMaruStdN-W6.otf
uphHiraMaruw8-h	UniJIS-UTF16-H	HiraMaruStdN-W8.otf
uphHiraMaruw8-v	UniJIS-UTF16-V	HiraMaruStdN-W8.otf
uphTBkoinm-h	UniJIS-UTF16-H	TRoKointaiStd-Md.otf
uphTBkoinm-v	UniJIS-UTF16-V	TRoKointaiStd-Md.otf

% TEXT, JIS04, upLaTeX
uphRyuminln-h	UniJIS2004-UTF16-H	A-OTF-RyuminPr6N-Light.otf
uphRyuminln-v	UniJIS2004-UTF16-V	A-OTF-RyuminPr6N-Light.otf
uphRyuminrn-h	UniJIS2004-UTF16-H	A-OTF-RyuminPr6N-Regular.otf
uphRyuminrn-v	UniJIS2004-UTF16-V	A-OTF-RyuminPr6N-Regular.otf
uphRyuminmn-h	UniJIS2004-UTF16-H	A-OTF-RyuminPr6N-Medium.otf
uphRyuminmn-v	UniJIS2004-UTF16-V	A-OTF-RyuminPr6N-Medium.otf
uphRyuminbn-h	UniJIS2004-UTF16-H	A-OTF-RyuminPr6N-Bold.otf
uphRyuminbn-v	UniJIS2004-UTF16-V	A-OTF-RyuminPr6N-Bold.otf
uphRyuminebn-h	UniJIS2004-UTF16-H	A-OTF-RyuminPr6N-ExBold.otf
uphRyuminebn-v	UniJIS2004-UTF16-V	A-OTF-RyuminPr6N-ExBold.otf
uphRyuminhn-h	UniJIS2004-UTF16-H	A-OTF-RyuminPr6N-Heavy.otf
uphRyuminhn-v	UniJIS2004-UTF16-V	A-OTF-RyuminPr6N-Heavy.otf
uphRyuminehn-h	UniJIS2004-UTF16-H	A-OTF-RyuminPr6N-ExHeavy.otf
uphRyuminehn-v	UniJIS2004-UTF16-V	A-OTF-RyuminPr6N-ExHeavy.otf
uphRyuminun-h	UniJIS2004-UTF16-H	A-OTF-RyuminPr6N-Ultra.otf
uphRyuminun-v	UniJIS2004-UTF16-V	A-OTF-RyuminPr6N-Ultra.otf
uphShinGoeln-h	UniJIS2004-UTF16-H	A-OTF-ShinGoPr6N-ExLight.otf
uphShinGoeln-v	UniJIS2004-UTF16-V	A-OTF-ShinGoPr6N-ExLight.otf
uphShinGoln-h	UniJIS2004-UTF16-H	A-OTF-ShinGoPr6N-Light.otf
uphShinGoln-v	UniJIS2004-UTF16-V	A-OTF-ShinGoPr6N-Light.otf
uphShinGorn-h	UniJIS2004-UTF16-H	A-OTF-ShinGoPr6N-Regular.otf
uphShinGorn-v	UniJIS2004-UTF16-V	A-OTF-ShinGoPr6N-Regular.otf
uphShinGomn-h	UniJIS2004-UTF16-H	A-OTF-ShinGoPr6N-Medium.otf
uphShinGomn-v	UniJIS2004-UTF16-V	A-OTF-ShinGoPr6N-Medium.otf
uphShinGodbn-h	UniJIS2004-UTF16-H	A-OTF-ShinGoPr6N-DeBold.otf
uphShinGodbn-v	UniJIS2004-UTF16-V	A-OTF-ShinGoPr6N-DeBold.otf
uphShinGobn-h	UniJIS2004-UTF16-H	A-OTF-ShinGoPr6N-Bold.otf
uphShinGobn-v	UniJIS2004-UTF16-V	A-OTF-ShinGoPr6N-Bold.otf
uphShinGohn-h	UniJIS2004-UTF16-H	A-OTF-ShinGoPr6N-Heavy.otf
uphShinGohn-v	UniJIS2004-UTF16-V	A-OTF-ShinGoPr6N-Heavy.otf
uphShinGoun-h	UniJIS2004-UTF16-H	A-OTF-ShinGoPr6N-Ultra.otf
uphShinGoun-v	UniJIS2004-UTF16-V	A-OTF-ShinGoPr6N-Ultra.otf
uphShinMGoln-h	UniJIS2004-UTF16-H	A-OTF-ShinMGoPr6N-Light.otf
uphShinMGoln-v	UniJIS2004-UTF16-V	A-OTF-ShinMGoPr6N-Light.otf
uphShinMGorn-h	UniJIS2004-UTF16-H	A-OTF-ShinMGoPr6N-Regular.otf
uphShinMGorn-v	UniJIS2004-UTF16-V	A-OTF-ShinMGoPr6N-Regular.otf
uphShinMGomn-h	UniJIS2004-UTF16-H	A-OTF-ShinMGoPr6N-Medium.otf
uphShinMGomn-v	UniJIS2004-UTF16-V	A-OTF-ShinMGoPr6N-Medium.otf
uphShinMGodbn-h	UniJIS2004-UTF16-H	A-OTF-ShinMGoPr6N-DeBold.otf
uphShinMGodbn-v	UniJIS2004-UTF16-V	A-OTF-ShinMGoPr6N-DeBold.otf
uphShinMGobn-h	UniJIS2004-UTF16-H	A-OTF-ShinMGoPr6N-Bold.otf
uphShinMGobn-v	UniJIS2004-UTF16-V	A-OTF-ShinMGoPr6N-Bold.otf
uphShinMGohn-h	UniJIS2004-UTF16-H	A-OTF-ShinMGoPr6N-Heavy.otf
uphShinMGohn-v	UniJIS2004-UTF16-V	A-OTF-ShinMGoPr6N-Heavy.otf
uphShinMGoun-h	UniJIS2004-UTF16-H	A-OTF-ShinMGoPr6N-Ultra.otf
uphShinMGoun-v	UniJIS2004-UTF16-V	A-OTF-ShinMGoPr6N-Ultra.otf
uphHiraMinw2n-h	UniJIS2004-UTF16-H	HiraMinProN-W2.otf
uphHiraMinw2n-v	UniJIS2004-UTF16-V	HiraMinProN-W2.otf
uphHiraMinw3n-h	UniJIS2004-UTF16-H	HiraginoSerifPr6N-W3.otf
uphHiraMinw3n-v	UniJIS2004-UTF16-V	HiraginoSerifPr6N-W3.otf
uphHiraMinw4n-h	UniJIS2004-UTF16-H	HiraMinStdN-W4.otf
uphHiraMinw4n-v	UniJIS2004-UTF16-V	HiraMinStdN-W4.otf
uphHiraMinw5n-h	UniJIS2004-UTF16-H	HiraMinStdN-W5.otf
uphHiraMinw5n-v	UniJIS2004-UTF16-V	HiraMinStdN-W5.otf
uphHiraMinw6n-h	UniJIS2004-UTF16-H	HiraginoSerifPr6N-W6.otf
uphHiraMinw6n-v	UniJIS2004-UTF16-V	HiraginoSerifPr6N-W6.otf
uphHiraMinw7n-h	UniJIS2004-UTF16-H	HiraMinStdN-W7.otf
uphHiraMinw7n-v	UniJIS2004-UTF16-V	HiraMinStdN-W7.otf
uphHiraMinw8n-h	UniJIS2004-UTF16-H	HiraMinStdN-W8.otf
uphHiraMinw8n-v	UniJIS2004-UTF16-V	HiraMinStdN-W8.otf
uphHiraKakuw0n-h	UniJIS2004-UTF16-H	HiraKakuStdN-W0.otf
uphHiraKakuw0n-v	UniJIS2004-UTF16-V	HiraKakuStdN-W0.otf
uphHiraKakuw1n-h	UniJIS2004-UTF16-H	HiraKakuProN-W1.otf
uphHiraKakuw1n-v	UniJIS2004-UTF16-V	HiraKakuProN-W1.otf
uphHiraKakuw2n-h	UniJIS2004-UTF16-H	HiraKakuProN-W2.otf
uphHiraKakuw2n-v	UniJIS2004-UTF16-V	HiraKakuProN-W2.otf
uphHiraKakuw3n-h	UniJIS2004-UTF16-H	HiraginoSansPr6N-W3.otf
uphHiraKakuw3n-v	UniJIS2004-UTF16-V	HiraginoSansPr6N-W3.otf
uphHiraKakuw4n-h	UniJIS2004-UTF16-H	HiraKakuProN-W4.otf
uphHiraKakuw4n-v	UniJIS2004-UTF16-V	HiraKakuProN-W4.otf
uphHiraKakuw5n-h	UniJIS2004-UTF16-H	HiraKakuProN-W5.otf
uphHiraKakuw5n-v	UniJIS2004-UTF16-V	HiraKakuProN-W5.otf
uphHiraKakuw6n-h	UniJIS2004-UTF16-H	HiraginoSansPr6N-W6.otf
uphHiraKakuw6n-v	UniJIS2004-UTF16-V	HiraginoSansPr6N-W6.otf
uphHiraKakuw7n-h	UniJIS2004-UTF16-H	HiraKakuStdN-W7.otf
uphHiraKakuw7n-v	UniJIS2004-UTF16-V	HiraKakuStdN-W7.otf
uphHiraKakuw8n-h	UniJIS2004-UTF16-H	HiraKakuStdN-W8.otf
uphHiraKakuw8n-v	UniJIS2004-UTF16-V	HiraKakuStdN-W8.otf
uphHiraKakuw9n-h	UniJIS2004-UTF16-H	HiraKakuStdN-W9.otf
uphHiraKakuw9n-v	UniJIS2004-UTF16-V	HiraKakuStdN-W9.otf
uphHiraMaruw2n-h	UniJIS2004-UTF16-H	HiraMaruStdN-W2.otf
uphHiraMaruw2n-v	UniJIS2004-UTF16-V	HiraMaruStdN-W2.otf
uphHiraMaruw3n-h	UniJIS2004-UTF16-H	HiraMaruStdN-W3.otf
uphHiraMaruw3n-v	UniJIS2004-UTF16-V	HiraMaruStdN-W3.otf
uphHiraMaruw4n-h	UniJIS2004-UTF16-H	HiraginoSansRPr6N-W4.otf
uphHiraMaruw4n-v	UniJIS2004-UTF16-V	HiraginoSansRPr6N-W4.otf
uphHiraMaruw5n-h	UniJIS2004-UTF16-H	HiraMaruStdN-W5.otf
uphHiraMaruw5n-v	UniJIS2004-UTF16-V	HiraMaruStdN-W5.otf
uphHiraMaruw6n-h	UniJIS2004-UTF16-H	HiraMaruStdN-W6.otf
uphHiraMaruw6n-v	UniJIS2004-UTF16-V	HiraMaruStdN-W6.otf
uphHiraMaruw8n-h	UniJIS2004-UTF16-H	HiraMaruStdN-W8.otf
uphHiraMaruw8n-v	UniJIS2004-UTF16-V	HiraMaruStdN-W8.otf
uphTBkoinmn-h	UniJIS2004-UTF16-H	TRoKointaiStd-Md.otf
uphTBkoinmn-v	UniJIS2004-UTF16-V	TRoKointaiStd-Md.otf

% Old, Yoko
r-Ryuminlold-h	H	A-OTF-RyuminStd-Light-KO.otf
r-Ryuminlold-v	V	A-OTF-RyuminStd-Light-KO.otf
r-Ryuminrold-h	H	A-OTF-RyuminStd-Regular-KO.otf
r-Ryuminrold-v	V	A-OTF-RyuminStd-Regular-KO.otf
r-Ryuminmold-h	H	A-OTF-RyuminStd-Medium-KO.otf
r-Ryuminmold-v	V	A-OTF-RyuminStd-Medium-KO.otf
r-Ryuminbold-h	H	A-OTF-RyuminStd-Bold-KO.otf
r-Ryuminbold-v	V	A-OTF-RyuminStd-Bold-KO.otf
r-Ryuminebold-h	H	A-OTF-RyuminStd-ExBold-KO.otf
r-Ryuminebold-v	V	A-OTF-RyuminStd-ExBold-KO.otf
r-Ryuminhold-h	H	A-OTF-RyuminStd-Heavy-KO.otf
r-Ryuminhold-v	V	A-OTF-RyuminStd-Heavy-KO.otf
r-Ryuminehold-h	H	A-OTF-RyuminStd-ExHeavy-KO.otf
r-Ryuminehold-v	V	A-OTF-RyuminStd-ExHeavy-KO.otf
r-Ryuminuold-h	H	A-OTF-RyuminStd-Ultra-KO.otf
r-Ryuminuold-v	V	A-OTF-RyuminStd-Ultra-KO.otf
r-HiraMinw2old-h	H	Yutuki5GoKStd-W2.otf
r-HiraMinw2old-v	V	Yutuki5GoKStd-W2.otf
r-HiraMinw3old-h	H	Yutuki5GoKStd-W3.otf
r-HiraMinw3old-v	V	Yutuki5GoKStd-W3.otf
r-HiraMinw4old-h	H	Yutuki5GoKStd-W4.otf
r-HiraMinw4old-v	V	Yutuki5GoKStd-W4.otf
r-HiraMinw5old-h	H	Yutuki5GoKStd-W5.otf
r-HiraMinw5old-v	V	Yutuki5GoKStd-W5.otf
r-HiraMinw6old-h	H	Yutuki5GoKStd-W6.otf
r-HiraMinw6old-v	V	Yutuki5GoKStd-W6.otf
r-HiraMinw7old-h	H	Yutuki5GoKStd-W7.otf
r-HiraMinw7old-v	V	Yutuki5GoKStd-W7.otf
r-HiraMinw8old-h	H	Yutuki5GoKStd-W8.otf
r-HiraMinw8old-v	V	Yutuki5GoKStd-W8.otf
r-HiraMinHKw3-h	H	HiraMinHKStd-W3.otf
r-HiraMinHKw4-h	H	HiraMinHKStd-W4.otf
r-HiraMinHKw5-h	H	HiraMinHKStd-W5.otf
r-HiraMinHKw6-h	H	HiraMinHKStd-W6.otf

% Old, Yoko, upLaTeX
upr-Ryuminlold-h	UniJIS-UTF16-H	A-OTF-RyuminStd-Light-KO.otf
upr-Ryuminlold-v	UniJIS-UTF16-V	A-OTF-RyuminStd-Light-KO.otf
upr-Ryuminrold-h	UniJIS-UTF16-H	A-OTF-RyuminStd-Regular-KO.otf
upr-Ryuminrold-v	UniJIS-UTF16-V	A-OTF-RyuminStd-Regular-KO.otf
upr-Ryuminmold-h	UniJIS-UTF16-H	A-OTF-RyuminStd-Medium-KO.otf
upr-Ryuminmold-v	UniJIS-UTF16-V	A-OTF-RyuminStd-Medium-KO.otf
upr-Ryuminbold-h	UniJIS-UTF16-H	A-OTF-RyuminStd-Bold-KO.otf
upr-Ryuminbold-v	UniJIS-UTF16-V	A-OTF-RyuminStd-Bold-KO.otf
upr-Ryuminebold-h	UniJIS-UTF16-H	A-OTF-RyuminStd-ExBold-KO.otf
upr-Ryuminebold-v	UniJIS-UTF16-V	A-OTF-RyuminStd-ExBold-KO.otf
upr-Ryuminhold-h	UniJIS-UTF16-H	A-OTF-RyuminStd-Heavy-KO.otf
upr-Ryuminhold-v	UniJIS-UTF16-V	A-OTF-RyuminStd-Heavy-KO.otf
upr-Ryuminehold-h	UniJIS-UTF16-H	A-OTF-RyuminStd-ExHeavy-KO.otf
upr-Ryuminehold-v	UniJIS-UTF16-V	A-OTF-RyuminStd-ExHeavy-KO.otf
upr-Ryuminuold-h	UniJIS-UTF16-H	A-OTF-RyuminStd-Ultra-KO.otf
upr-Ryuminuold-v	UniJIS-UTF16-V	A-OTF-RyuminStd-Ultra-KO.otf
upr-HiraMinw2old-h	UniJIS-UTF16-H	Yutuki5GoKStd-W2.otf
upr-HiraMinw2old-v	UniJIS-UTF16-V	Yutuki5GoKStd-W2.otf
upr-HiraMinw3old-h	UniJIS-UTF16-H	Yutuki5GoKStd-W3.otf
upr-HiraMinw3old-v	UniJIS-UTF16-V	Yutuki5GoKStd-W3.otf
upr-HiraMinw4old-h	UniJIS-UTF16-H	Yutuki5GoKStd-W4.otf
upr-HiraMinw4old-v	UniJIS-UTF16-V	Yutuki5GoKStd-W4.otf
upr-HiraMinw5old-h	UniJIS-UTF16-H	Yutuki5GoKStd-W5.otf
upr-HiraMinw5old-v	UniJIS-UTF16-V	Yutuki5GoKStd-W5.otf
upr-HiraMinw6old-h	UniJIS-UTF16-H	Yutuki5GoKStd-W6.otf
upr-HiraMinw6old-v	UniJIS-UTF16-V	Yutuki5GoKStd-W6.otf
upr-HiraMinw7old-h	UniJIS-UTF16-H	Yutuki5GoKStd-W7.otf
upr-HiraMinw7old-v	UniJIS-UTF16-V	Yutuki5GoKStd-W7.otf
upr-HiraMinw8old-h	UniJIS-UTF16-H	Yutuki5GoKStd-W8.otf
upr-HiraMinw8old-v	UniJIS-UTF16-V	Yutuki5GoKStd-W8.otf
upr-HiraMinHKw3-h	UniJIS-UTF16-H	HiraMinHKStd-W3.otf
upr-HiraMinHKw4-h	UniJIS-UTF16-H	HiraMinHKStd-W4.otf
upr-HiraMinHKw5-h	UniJIS-UTF16-H	HiraMinHKStd-W5.otf
upr-HiraMinHKw6-h	UniJIS-UTF16-H	HiraMinHKStd-W6.otf
